---
source: crates/cribo/tests/test_circular_dependencies.rs
expression: bundled_content
---
#!/usr/bin/env python3
# Generated by Cribo - Python Source Bundler
# https://github.com/ophidiarium/cribo

def authenticate_user(username):
    """Authenticate user using database connection"""
    conn = get_connection()
    return f"auth({username}, conn={conn})"
def get_user_context():
    """Get user context - used by database module"""
    return "user_context_from_auth"
def get_connection():
    """Get database connection with user context"""
    context = get_user_context()
    return f"db_connection(context={context})"
def execute_query(query):
    """Execute a database query"""
    return f"query_result({query})"
def main():
    result = auth.authenticate_user("test_user")
    print(f"Relative import cycle result: {result}")
if __name__ == "__main__":
    main()
