---
source: crates/cribo/tests/stickytape_compatibility_tests.rs
description: Bundled content for explicit_relative_import_single_dot
---
#!/usr/bin/env python3
# Generated by Cribo - Python Source Bundler
# https://github.com/ophidiarium/cribo

# ─ Module: greetings.messages ─
__greetings_messages_message = "Hello"

# ─ Module: greetings.greeting ─
import types
greetings = types.ModuleType('greetings')
greetings.greeting = types.ModuleType('greetings.greeting')
exec('__all__ = ["message"]\n__greetings_greeting_message = __greetings_messages_message', globals(), greetings.greeting.__dict__)
greetings.greeting.message = getattr(greetings.greeting, '__greetings_greeting_message')

# ─ Module: greetings ─
exec('', globals(), greetings.__dict__)

# ─ Entry Module: hello ─
print(greetings.greeting.message)
