---
source: crates/serpen/tests/test_bundling_snapshots.rs
expression: execution_results
---
ExecutionResults {
    status: Success,
    stdout: "Processing result: {'input': {'key': 'value', 'numbers': [1, 2, 3]}, 'processed': True, 'output': ['key=value', 'numbers=[1, 2, 3]']}",
    stderr: "",
}
