---
source: crates/cribo/tests/test_bundling_snapshots.rs
input_file: crates/cribo/tests/fixtures/bundling/xfail_stickytape_imports_in_imported_modules/main.py
---
message = "Hello"
print(message)
