---
source: crates/cribo/tests/stickytape_compatibility_tests.rs
description: Bundled content for script_with_dynamic_import
---
#!/usr/bin/env python3
# Generated by Cribo - Python Source Bundler
# https://github.com/ophidiarium/cribo

# Preserved imports
import importlib

# ─ Entry Module: hello ─
import importlib
greeting = importlib.import_module("greeting")
print(greeting.message)
