---
source: crates/cribo/tests/test_bundling_snapshots.rs
input_file: crates/cribo/tests/fixtures/bundling/stickytape_explicit_relative_import_single_dot_in_init/main.py
---
#!/usr/bin/env python3
# Generated by Cribo - Python Source Bundler
# https://github.com/ophidiarium/cribo

# ─ Module: greetings.greeting ─
import types
greetings = types.ModuleType('greetings')
greetings.greeting = types.ModuleType('greetings.greeting')
exec('__greetings_greeting_message = "Hello"', globals(), greetings.greeting.__dict__)
greetings.greeting.message = getattr(greetings.greeting, '__greetings_greeting_message')

# ─ Module: greetings ─
exec('global message\n__all__ = ["message"]\nmessage = greetings.greeting.message\nlocals()[\'message\'] = message', {**globals(), 'greetings': greetings}, greetings.__dict__)

# ─ Entry Module: main ─
print(greetings.message)
