---
source: crates/cribo/tests/stickytape_compatibility_tests.rs
description: Bundled content for imports_in_imported_modules
---
#!/usr/bin/env python3
# Generated by Cribo - Python Source Bundler
# https://github.com/ophidiarium/cribo

# ─ Module: greetings.english ─
message = "Hello"

# ─ Module: greetings ─

# ─ Entry Module: hello ─
print(message)
