---
source: crates/cribo/tests/stickytape_compatibility_tests.rs
description: Bundled content for script_using_stdlib_module_in_package
---
#!/usr/bin/env python3
# Generated by Cribo - Python Source Bundler
# https://github.com/ophidiarium/cribo

# Preserved imports
import xml.etree.ElementTree

# ─ Module: greeting ─
import types
greeting = types.ModuleType('greeting')
exec('message = "Hello"', greeting.__dict__)

# ─ Entry Module: hello ─
import xml.etree.ElementTree
print(xml.etree.ElementTree.__name__)
print(greeting.message)
