---
source: crates/cribo/tests/test_bundling_snapshots.rs
---
ExecutionResults {
    status: Success,
    stdout: "Function A\nFunction B",
    stderr: "",
}
