---
source: crates/cribo/tests/test_bundling_snapshots.rs
input_file: crates/cribo/tests/fixtures/bundling/stickytape_script_using_module_in_package/main.py
---
#!/usr/bin/env python3
# Generated by Cribo - Python Source Bundler
# https://github.com/ophidiarium/cribo

# ─ Module: greetings.greeting ─
import types
greetings = types.ModuleType('greetings')
greetings.greeting = types.ModuleType('greetings.greeting')
exec('message = "Hello"', greetings.greeting.__dict__)

# ─ Entry Module: main ─
print(greetings.greeting.message)
