---
source: crates/cribo/tests/stickytape_compatibility_tests.rs
description: Bundled content for implicit_init_import
---
#!/usr/bin/env python3
# Generated by Cribo - Python Source Bundler
# https://github.com/ophidiarium/cribo

# ─ Module: greetings.irrelevant ─
import types
greetings = types.ModuleType('greetings')
greetings.irrelevant = types.ModuleType('greetings.irrelevant')
exec('', greetings.irrelevant.__dict__)

# ─ Module: greetings ─
exec('message = "Hello"', globals(), greetings.__dict__)

# ─ Entry Module: hello ─
print(greetings.message)
